EOL '' 25..26
SYM 'my_int' 52..58
EQ '=' 59..60
INT '5' 61..62
EOL '' 62..63
SYM 'my_float' 63..71
COLN ':' 71..72
SYM 'f64' 73..76
EQ '=' 77..78
INT '10' 79..81
SYM 'my_str' 134..140
COLN ':' 140..141
LBRC '[' 142..143
SYM 'u8' 143..145
RBRC ']' 145..146
EQ '=' 147..148
STR 'Hello' 149..156
EOL '' 156..158
FN 'fn' 170..172
SYM 'add' 173..176
SYM 'x' 177..178
SYM 'y' 179..180
EQ '=' 181..182
SYM 'x' 183..184
ADD '+' 185..186
SYM 'y' 187..188
EOL '' 188..190
FN 'fn' 234..236
SYM 'doSomethingWith' 237..252
SYM 'x' 253..254
SYM 'y' 255..256
EQ '=' 257..258
INDENT '' 258..260
SYM 'z' 260..261
EQ '=' 262..263
SYM 'x' 264..265
MUL '*' 266..267
SYM 'y' 268..269
EOL '' 269..271
SYM 'z' 271..272
DIV '/' 273..274
SYM 'x' 275..276
ADD '+' 277..278
SYM 'y' 279..280
DEDENT '' 280..282
EOL '' 386..388
IF 'if' 409..411
SYM 'doSomething' 412..423
INT '5' 424..425
INT '10' 426..428
EEQ '==' 429..431
INT '5' 432..433
INDENT '' 433..435
SYM 'puts' 435..439
STR 'First if' 440..450
DEDENT '' 450..451
ELSE 'else' 451..455
IF 'if' 456..458
SYM 'doSomething' 459..470
INT '10' 471..473
INT '10' 474..476
EEQ '==' 477..479
INT '5' 480..481
INDENT '' 481..483
SYM 'puts' 483..487
STR 'Second if' 488..499
DEDENT '' 499..500
ELSE 'else' 500..504
INDENT '' 504..506
SYM 'puts' 506..510
STR 'Third else' 511..523
EOL '' 523..525
PASS 'pass' 525..529
DEDENT '' 570..572
SYM 'my_int_arr' 643..653
EQ '=' 654..655
LBRC '[' 656..657
INT '0' 657..658
COMA ',' 658..659
INT '1' 660..661
COMA ',' 661..662
INT '2' 663..664
COMA ',' 664..665
INT '3' 666..667
COMA ',' 667..668
INT '4' 669..670
COMA ',' 670..671
INT '5' 672..673
RBRC ']' 673..674
EOL '' 674..677
EOL '' 736..737
FOR 'for' 737..740
SYM 'i' 741..742
EQ '=' 743..744
INT '0' 745..746
SEMI ';' 746..747
SYM 'i' 748..749
LSS '<' 750..751
INT '10' 752..754
SEMI ';' 754..755
SYM 'i' 756..757
AEQ '+=' 758..760
INT '1' 761..762
INDENT '' 762..764
SYM 'printf' 764..770
STR '%d\n' 771..777
SYM 'i' 778..779
DEDENT '' 779..781
FOR 'for' 781..784
SYM 'i' 785..786
IN 'in' 787..789
INT '0' 790..791
TO 'to' 792..794
INT '10' 795..797
INDENT '' 797..799
SYM 'printf' 799..805
STR '%d\n' 806..812
SYM 'i' 813..814
DEDENT '' 814..816
SYM 'i' 816..817
EQ '=' 818..819
INT '0' 820..821
EOL '' 821..822
FOR 'for' 822..825
SYM 'i' 826..827
LSS '<' 828..829
INT '10' 830..832
INDENT '' 832..834
SYM 'printf' 834..840
STR '%d\n' 841..847
SYM 'i' 848..849
EOL '' 849..851
SYM 'i' 851..852
AEQ '+=' 853..855
INT '1' 856..857
DEDENT '' 857..859
EOL '' 882..884
EOL '' 892..893
EOL '' 990..991
SYM 'printf' 991..997
STR '%f\n' 998..1004
LPAR '(' 1005..1006
SYM 'my_int' 1006..1012
AS 'as' 1013..1015
SYM 'f64' 1016..1019
ADD '+' 1020..1021
SYM 'my_float' 1022..1030
RPAR ')' 1030..1031
EOL '' 1031..1033
