-1 MODULE '' 0..0
	-1 EOL '' 25..26
	-1 EQ '=' 59..60
		-1 SYM 'my_int' 52..58
		-1 INT '5' 61..62
	-1 EOL '' 62..63
	-1 EQ '=' 77..78
		-1 COLN ':' 71..72
			-1 SYM 'my_float' 63..71
			-1 SYM 'f64' 73..76
		-1 INT '10' 79..81
	-1 EQ '=' 147..148
		-1 COLN ':' 140..141
			-1 SYM 'my_str' 134..140
			-1 ARR '' 142..143
				-1 SYM 'u8' 143..145
		-1 STR 'Hello' 149..156
	-1 EOL '' 156..158
	-1 FN 'fn' 170..172
		-1 SYM 'add' 173..176
		-1 ARGS '' 0..0
			-1 SYM 'x' 177..178
			-1 SYM 'y' 179..180
		-1 ADD '+' 185..186
			-1 CALL '' 183..184
				-1 SYM 'x' 183..184
				-1 ARGS '' 0..0
			-1 CALL '' 187..188
				-1 SYM 'y' 187..188
				-1 ARGS '' 0..0
	-1 EOL '' 188..190
	-1 FN 'fn' 234..236
		-1 SYM 'doSomethingWith' 237..252
		-1 ARGS '' 0..0
			-1 SYM 'x' 253..254
			-1 SYM 'y' 255..256
		-1 INDENT '' 0..0
			-1 EQ '=' 262..263
				-1 SYM 'z' 260..261
				-1 MUL '*' 266..267
					-1 CALL '' 264..265
						-1 SYM 'x' 264..265
						-1 ARGS '' 0..0
					-1 CALL '' 268..269
						-1 SYM 'y' 268..269
						-1 ARGS '' 0..0
			-1 EOL '' 269..271
			-1 ADD '+' 277..278
				-1 DIV '/' 273..274
					-1 CALL '' 271..272
						-1 SYM 'z' 271..272
						-1 ARGS '' 0..0
					-1 CALL '' 275..276
						-1 SYM 'x' 275..276
						-1 ARGS '' 0..0
				-1 CALL '' 279..280
					-1 SYM 'y' 279..280
					-1 ARGS '' 0..0
	-1 EOL '' 386..388
	-1 IF 'if' 409..411
		-1 EEQ '==' 429..431
			-1 CALL '' 412..423
				-1 SYM 'doSomething' 412..423
				-1 ARGS '' 0..0
					-1 INT '5' 424..425
					-1 INT '10' 426..428
			-1 INT '5' 432..433
		-1 INDENT '' 0..0
			-1 CALL '' 435..439
				-1 SYM 'puts' 435..439
				-1 ARGS '' 0..0
					-1 STR 'First if' 440..450
		-1 ELSE 'else' 451..455
			-1 IF 'if' 456..458
				-1 EEQ '==' 477..479
					-1 CALL '' 459..470
						-1 SYM 'doSomething' 459..470
						-1 ARGS '' 0..0
							-1 INT '10' 471..473
							-1 INT '10' 474..476
					-1 INT '5' 480..481
				-1 INDENT '' 0..0
					-1 CALL '' 483..487
						-1 SYM 'puts' 483..487
						-1 ARGS '' 0..0
							-1 STR 'Second if' 488..499
				-1 ELSE 'else' 500..504
					-1 INDENT '' 0..0
						-1 CALL '' 506..510
							-1 SYM 'puts' 506..510
							-1 ARGS '' 0..0
								-1 STR 'Third else' 511..523
						-1 EOL '' 523..525
						-1 PASS 'pass' 525..529
	-1 CALL '' 643..653
		-1 SYM 'my_int_arr' 643..653
		-1 ARGS '' 0..0
