-1 MODULE '' 0..0
	-1 CALL '' 13..19
		-1 SYM 'printf' 13..19
		-1 ARGS '' 0..0
			-1 STR '%f\n' 20..26
			-1 EXPR '' 0..0
				-1 LPAR '(' 27..28
				-1 ADD '+' 42..43
					-1 CAST '' 0..0
						-1 CALL '' 28..34
							-1 SYM 'my_int' 28..34
							-1 ARGS '' 0..0
						-1 AS 'as' 35..37
						-1 SYM 'f64' 38..41
					-1 CALL '' 44..52
						-1 SYM 'my_float' 44..52
						-1 ARGS '' 0..0
				-1 RPAR ')' 52..53
	-1 EOL '' 53..54
