FN 'fn' 0..2
SYM 'doSomething' 3..14
SYM 'x' 15..16
SYM 'y' 17..18
EQ '=' 19..20
INDENT '' 20..22
SYM 'x' 22..23
MUL '*' 24..25
SYM 'y' 26..27
DIV '/' 28..29
INT '2' 30..31
DEDENT '' 31..33
FN 'fn' 33..35
SYM 'main' 36..40
SYM 'args' 41..45
EQ '=' 46..47
INDENT '' 47..49
IF 'if' 71..73
SYM 'doSomething' 74..85
INT '5' 86..87
INT '10' 88..90
EEQ '==' 91..93
INT '5' 94..95
INDENT '' 95..98
SYM 'print' 98..103
STR 'First if' 104..114
DEDENT '' 114..116
ELSE 'else' 116..120
IF 'if' 121..123
SYM 'doSomething' 124..135
INT '10' 136..138
INT '10' 139..141
EEQ '==' 142..144
INT '5' 145..146
INDENT '' 146..149
SYM 'print' 149..154
STR 'Second if' 155..166
DEDENT '' 166..168
ELSE 'else' 168..172
INDENT '' 172..175
PASS 'pass' 175..179
DEDENT '' 179..180
DEDENT '' 180..180
