-1 MODULE '' 0..0
	-1 FN 'fn' 0..2
		-1 SYM 'doSomething' 3..14
		-1 ARGS '' 0..0
			-1 SYM 'x' 15..16
			-1 SYM 'y' 17..18
		-1 INDENT '' 0..0
			-1 DIV '/' 28..29
				-1 MUL '*' 24..25
					-1 CALL '' 22..23
						-1 SYM 'x' 22..23
						-1 ARGS '' 0..0
					-1 CALL '' 26..27
						-1 SYM 'y' 26..27
						-1 ARGS '' 0..0
				-1 INT '2' 30..31
	-1 FN 'fn' 33..35
		-1 SYM 'main' 36..40
		-1 ARGS '' 0..0
			-1 SYM 'args' 41..45
		-1 INDENT '' 0..0
			-1 IF 'if' 71..73
				-1 EEQ '==' 91..93
					-1 CALL '' 74..85
						-1 SYM 'doSomething' 74..85
						-1 ARGS '' 0..0
							-1 INT '5' 86..87
							-1 INT '10' 88..90
					-1 INT '5' 94..95
				-1 INDENT '' 0..0
					-1 CALL '' 98..103
						-1 SYM 'print' 98..103
						-1 ARGS '' 0..0
							-1 STR 'First if' 104..114
				-1 ELSE 'else' 116..120
					-1 IF 'if' 121..123
						-1 EEQ '==' 142..144
							-1 CALL '' 124..135
								-1 SYM 'doSomething' 124..135
								-1 ARGS '' 0..0
									-1 INT '10' 136..138
									-1 INT '10' 139..141
							-1 INT '5' 145..146
						-1 INDENT '' 0..0
							-1 CALL '' 149..154
								-1 SYM 'print' 149..154
								-1 ARGS '' 0..0
									-1 STR 'Second if' 155..166
						-1 ELSE 'else' 168..172
							-1 INDENT '' 0..0
								-1 PASS 'pass' 175..179
