-1 MODULE '' 0..0
	-1 EQ '=' 19..20
		-1 SYM 'my_int' 12..18
		-1 INT '5' 21..22
	-1 EOL '' 22..23
	-1 EQ '=' 37..38
		-1 COLN ':' 31..32
			-1 SYM 'my_float' 23..31
			-1 SYM 'f64' 33..36
		-1 INT '10' 39..41
	-1 EOL '' 41..42
	-1 EQ '=' 55..56
		-1 COLN ':' 48..49
			-1 SYM 'my_str' 42..48
			-1 TYPEANNO '' 0..0
				-1 LBRC '[' 50..51
				-1 SYM 'u8' 51..53
				-1 RBRC ']' 53..54
		-1 STR 'Hello' 57..64
	-1 EOL '' 64..65
	-1 EQ '=' 92..93
		-1 COLN ':' 71..72
			-1 SYM 'my_obj' 65..71
			-1 DOT '.' 84..85
				-1 SYM 'SomeModules' 73..84
				-1 SYM 'Object' 85..91
		-1 CALL '' 105..106
			-1 DOT '.' 105..106
				-1 SYM 'SomeModules' 94..105
				-1 SYM 'Object' 106..112
			-1 ARGS '' 0..0
				-1 SYM 'SomeProp' 113..121
	-1 EOL '' 121..122
	-1 COLN ':' 128..129
		-1 SYM 'my_arr' 122..128
		-1 TYPEANNO '' 0..0
			-1 SYM 'i64' 130..133
			-1 LBRC '[' 133..134
			-1 INT '10' 134..136
			-1 RBRC ']' 136..137
	-1 EOL '' 137..138
