EOL '' 59..60
FOR 'for' 60..63
SYM 'i' 64..65
EQ '=' 66..67
INT '0' 68..69
SEMI ';' 69..70
SYM 'i' 71..72
LSS '<' 73..74
INT '10' 75..77
SEMI ';' 77..78
SYM 'i' 79..80
AEQ '+=' 81..83
INT '1' 84..85
INDENT '' 85..87
SYM 'printf' 87..93
STR '%d\n' 94..100
SYM 'i' 101..102
DEDENT '' 102..104
FOR 'for' 104..107
SYM 'i' 108..109
IN 'in' 110..112
INT '0' 113..114
TO 'to' 115..117
INT '10' 118..120
INDENT '' 120..122
SYM 'printf' 122..128
STR '%d\n' 129..135
SYM 'i' 136..137
DEDENT '' 137..139
SYM 'i' 139..140
EQ '=' 141..142
INT '0' 143..144
EOL '' 144..145
FOR 'for' 145..148
SYM 'i' 149..150
LSS '<' 151..152
INT '10' 153..155
INDENT '' 155..157
SYM 'printf' 157..163
STR '%d\n' 164..170
SYM 'i' 171..172
EOL '' 172..174
SYM 'i' 174..175
AEQ '+=' 176..178
INT '1' 179..180
DEDENT '' 180..181
