FN 'fn' 12..14
SYM 'doSomethingWith' 15..30
SYM 'x' 31..32
SYM 'y' 33..34
EQ '=' 35..36
INDENT '' 36..38
SYM 'z' 38..39
EQ '=' 40..41
SYM 'x' 42..43
MUL '*' 44..45
SYM 'y' 46..47
EOL '' 47..49
SYM 'z' 49..50
DIV '/' 51..52
SYM 'x' 53..54
ADD '+' 55..56
SYM 'y' 57..58
DEDENT '' 58..59
