MODULE '' 0..0
	FN 'fn' 59..61
		SYM 'main' 62..66
		ARGS '' 0..0
			SYM 'args' 67..71
		INDENT '' 0..0
			FOR 'for' 75..78
				STMTS '' 0..0
					EQ '=' 81..82
						SYM 'i' 79..80
						INT '0' 83..84
					LSS '<' 88..89
						CALL '' 86..87
							SYM 'i' 86..87
							ARGS '' 0..0
						INT '10' 90..92
					AEQ '+=' 96..98
						SYM 'i' 94..95
						INT '1' 99..100
				INDENT '' 0..0
					CALL '' 103..108
						SYM 'print' 103..108
						ARGS '' 0..0
							SYM 'i' 109..110
			FOR 'for' 113..116
				IN 'in' 119..121
					SYM 'i' 117..118
					TO 'to' 124..126
						INT '0' 122..123
						INT '10' 127..129
				INDENT '' 0..0
					CALL '' 132..137
						SYM 'print' 132..137
						ARGS '' 0..0
							SYM 'i' 138..139
			EQ '=' 144..145
				SYM 'i' 142..143
				INT '0' 146..147
			EOL '' 147..149
			FOR 'for' 149..152
				STMTS '' 0..0
					LSS '<' 155..156
						CALL '' 153..154
							SYM 'i' 153..154
							ARGS '' 0..0
						INT '10' 157..159
				INDENT '' 0..0
					CALL '' 162..167
						SYM 'print' 162..167
						ARGS '' 0..0
							SYM 'i' 168..169
					EOL '' 169..172
					AEQ '+=' 174..176
						SYM 'i' 172..173
						INT '1' 177..178
