EOL '' 13..15
TYPE 'type' 15..19
SYM 'SampleStruct' 20..32
EQ '=' 33..34
INDENT '' 34..36
SYM '_i8' 36..39
COLN ':' 39..40
SYM 'i8' 42..44
EOL '' 44..46
SYM '_i16' 46..50
COLN ':' 50..51
SYM 'i16' 52..55
EOL '' 55..57
SYM '_i32' 57..61
COLN ':' 61..62
SYM 'i32' 63..66
EOL '' 66..68
SYM '_i64' 68..72
COLN ':' 72..73
SYM 'i64' 74..77
EOL '' 77..79
SYM '_u8' 79..82
COLN ':' 82..83
SYM 'u8' 85..87
EOL '' 87..89
SYM '_u16' 89..93
COLN ':' 93..94
SYM 'u16' 95..98
EOL '' 98..100
SYM '_u32' 100..104
COLN ':' 104..105
SYM 'u32' 106..109
EOL '' 109..111
SYM '_u64' 111..115
COLN ':' 115..116
SYM 'u64' 117..120
EOL '' 120..122
SYM '_f32' 122..126
COLN ':' 126..127
SYM 'f32' 128..131
EOL '' 131..133
SYM '_f64' 133..137
COLN ':' 137..138
SYM 'f64' 139..142
EOL '' 142..144
SYM '_struct' 144..151
COLN ':' 151..152
SYM 'SmallStruct' 153..164
EOL '' 164..166
SYM 'builtin_ptr' 166..177
COLN ':' 177..178
LBRC '[' 179..180
SYM 'i8' 180..182
RBRC ']' 182..183
EOL '' 183..185
SYM 'custom_ptr' 185..195
COLN ':' 195..196
LBRC '[' 198..199
SYM 'SmallStruct' 199..210
RBRC ']' 210..211
EOL '' 211..213
SYM 'arr' 213..216
COLN ':' 216..217
SYM 'i64' 218..221
LBRC '[' 221..222
INT '10' 222..224
RBRC ']' 224..225
EOL '' 225..227
SYM 'twoDarr' 227..234
COLN ':' 234..235
SYM 'i64' 236..239
LBRC '[' 239..240
INT '10' 240..242
RBRC ']' 242..243
LBRC '[' 243..244
INT '10' 244..246
RBRC ']' 246..247
DEDENT '' 247..250
TYPE 'type' 250..254
SYM 'SmallStruct' 255..266
EQ '=' 267..268
INDENT '' 268..270
SYM 'hey' 270..273
COLN ':' 273..274
LBRC '[' 275..276
SYM 'u8' 276..278
RBRC ']' 278..279
DEDENT '' 279..282
FN 'fn' 282..284
SYM 'SampleStruct' 285..297
DOT '.' 297..298
SYM 'area' 298..302
SYM 'self' 303..307
EQ '=' 308..309
INDENT '' 309..311
SYM 'self' 311..315
DOT '.' 315..316
SYM '_i8' 316..319
MUL '*' 320..321
SYM 'self' 322..326
DOT '.' 326..327
SYM '_i8' 327..330
DEDENT '' 330..333
SYM 'sample' 333..339
EQ '=' 340..341
SYM 'SampleStruct' 342..354
INT '5' 355..356
INT '5' 357..358
EOL '' 358..359
SYM 'printf' 359..365
STR '%d\n' 366..372
LPAR '(' 373..374
SYM 'sample' 374..380
DOT '.' 380..381
SYM 'area' 381..385
RPAR ')' 385..386
EOL '' 386..387
