-1 MODULE '' 0..0
	-1 EOL '' 13..15
	-1 TYPE 'type' 15..19
		-1 SYM 'SampleStruct' 20..32
		-1 EQ '=' 33..34
		-1 STMTS '' 0..0
			-1 COLN ':' 39..40
				-1 SYM '_i8' 36..39
				-1 SYM 'i8' 42..44
			-1 EOL '' 44..46
			-1 COLN ':' 50..51
				-1 SYM '_i16' 46..50
				-1 SYM 'i16' 52..55
			-1 EOL '' 55..57
			-1 COLN ':' 61..62
				-1 SYM '_i32' 57..61
				-1 SYM 'i32' 63..66
			-1 EOL '' 66..68
			-1 COLN ':' 72..73
				-1 SYM '_i64' 68..72
				-1 SYM 'i64' 74..77
			-1 EOL '' 77..79
			-1 COLN ':' 82..83
				-1 SYM '_u8' 79..82
				-1 SYM 'u8' 85..87
			-1 EOL '' 87..89
			-1 COLN ':' 93..94
				-1 SYM '_u16' 89..93
				-1 SYM 'u16' 95..98
			-1 EOL '' 98..100
			-1 COLN ':' 104..105
				-1 SYM '_u32' 100..104
				-1 SYM 'u32' 106..109
			-1 EOL '' 109..111
			-1 COLN ':' 115..116
				-1 SYM '_u64' 111..115
				-1 SYM 'u64' 117..120
			-1 EOL '' 120..122
			-1 COLN ':' 126..127
				-1 SYM '_f32' 122..126
				-1 SYM 'f32' 128..131
			-1 EOL '' 131..133
			-1 COLN ':' 137..138
				-1 SYM '_f64' 133..137
				-1 SYM 'f64' 139..142
			-1 EOL '' 142..144
			-1 COLN ':' 151..152
				-1 SYM '_struct' 144..151
				-1 SYM 'SmallStruct' 153..164
			-1 EOL '' 164..166
			-1 COLN ':' 177..178
				-1 SYM 'builtin_ptr' 166..177
				-1 TYPEANNO '' 0..0
					-1 LBRC '[' 179..180
					-1 SYM 'i8' 180..182
					-1 RBRC ']' 182..183
			-1 EOL '' 183..185
			-1 COLN ':' 195..196
				-1 SYM 'custom_ptr' 185..195
				-1 TYPEANNO '' 0..0
					-1 LBRC '[' 198..199
					-1 SYM 'SmallStruct' 199..210
					-1 RBRC ']' 210..211
			-1 EOL '' 211..213
			-1 COLN ':' 216..217
				-1 SYM 'arr' 213..216
				-1 TYPEANNO '' 0..0
					-1 SYM 'i64' 218..221
					-1 LBRC '[' 221..222
					-1 INT '10' 222..224
					-1 RBRC ']' 224..225
			-1 EOL '' 225..227
			-1 COLN ':' 234..235
				-1 SYM 'twoDarr' 227..234
				-1 TYPEANNO '' 0..0
					-1 SYM 'i64' 236..239
					-1 LBRC '[' 239..240
					-1 INT '10' 240..242
					-1 RBRC ']' 242..243
			-1 PTR_ACCESS '' 0..0
				-1 LBRC '[' 243..244
				-1 INT '10' 244..246
				-1 RBRC ']' 246..247
	-1 TYPE 'type' 250..254
		-1 SYM 'SmallStruct' 255..266
		-1 EQ '=' 267..268
		-1 STMTS '' 0..0
			-1 COLN ':' 273..274
				-1 SYM 'hey' 270..273
				-1 TYPEANNO '' 0..0
					-1 LBRC '[' 275..276
					-1 SYM 'u8' 276..278
					-1 RBRC ']' 278..279
	-1 FN 'fn' 282..284
		-1 DOT '.' 297..298
			-1 SYM 'SampleStruct' 285..297
			-1 SYM 'area' 298..302
		-1 ARGS '' 0..0
			-1 SYM 'self' 303..307
		-1 EQ '=' 308..309
		-1 STMTS '' 0..0
			-1 MUL '*' 320..321
				-1 CALL '' 315..316
					-1 DOT '.' 315..316
						-1 SYM 'self' 311..315
						-1 SYM '_i8' 316..319
					-1 ARGS '' 0..0
				-1 CALL '' 326..327
					-1 DOT '.' 326..327
						-1 SYM 'self' 322..326
						-1 SYM '_i8' 327..330
					-1 ARGS '' 0..0
	-1 EQ '=' 340..341
		-1 SYM 'sample' 333..339
		-1 CALL '' 342..354
			-1 SYM 'SampleStruct' 342..354
			-1 ARGS '' 0..0
				-1 INT '5' 355..356
				-1 INT '5' 357..358
	-1 EOL '' 358..359
	-1 CALL '' 359..365
		-1 SYM 'printf' 359..365
		-1 ARGS '' 0..0
			-1 STR '%d\n' 366..372
			-1 EXPR '' 0..0
				-1 LPAR '(' 373..374
				-1 CALL '' 380..381
					-1 DOT '.' 380..381
						-1 SYM 'sample' 374..380
						-1 SYM 'area' 381..385
					-1 ARGS '' 0..0
				-1 RPAR ')' 385..386
	-1 EOL '' 386..387
