-1 MODULE '' 0..0
	-1 EQ '=' 20..21
		-1 SYM 'my_int_arr' 9..19
		-1 ARR '' 22..23
			-1 LCRL '{' 22..23
			-1 STMTS '' 0..0
				-1 INT '0' 23..24
				-1 COMA ',' 24..25
				-1 INT '1' 26..27
				-1 COMA ',' 27..28
				-1 INT '2' 29..30
				-1 COMA ',' 30..31
				-1 INT '3' 32..33
				-1 COMA ',' 33..34
				-1 INT '4' 35..36
				-1 COMA ',' 36..37
				-1 INT '5' 38..39
			-1 RCRL '}' 39..40
	-1 EOL '' 40..41
	-1 COLN ':' 53..54
		-1 SYM 'my_other_arr' 41..53
		-1 TYPEANNO '' 0..0
			-1 SYM 'i64' 55..58
			-1 LBRC '[' 58..59
			-1 INT '5' 59..60
			-1 RBRC ']' 60..61
	-1 EOL '' 61..62
	-1 CALL '' 62..68
		-1 SYM 'printf' 62..68
		-1 ARGS '' 0..0
			-1 STR '%d\n' 69..75
			-1 PTR_ACCESS '' 0..0
				-1 LBRC '[' 76..77
				-1 CALL '' 77..87
					-1 SYM 'my_int_arr' 77..87
					-1 ARGS '' 0..0
				-1 RBRC ']' 87..88
	-1 EOL '' 88..89
