SYM 'my_int_arr' 9..19
EQ '=' 20..21
LCRL '{' 22..23
INT '0' 23..24
COMA ',' 24..25
INT '1' 26..27
COMA ',' 27..28
INT '2' 29..30
COMA ',' 30..31
INT '3' 32..33
COMA ',' 33..34
INT '4' 35..36
COMA ',' 36..37
INT '5' 38..39
RCRL '}' 39..40
EOL '' 40..41
SYM 'my_other_arr' 41..53
COLN ':' 53..54
SYM 'i64' 55..58
LBRC '[' 58..59
INT '5' 59..60
RBRC ']' 60..61
EOL '' 61..62
SYM 'printf' 62..68
STR '%d\n' 69..75
LBRC '[' 76..77
SYM 'my_int_arr' 77..87
RBRC ']' 87..88
EOL '' 88..89
