EOL '' 13..14
TYPE 'type' 14..18
SYM 'Rectangle' 19..28
EQ '=' 29..30
INDENT '' 30..32
SYM 'width' 32..37
COLN ':' 37..38
SYM 'i64' 40..43
EOL '' 43..45
SYM 'height' 45..51
COLN ':' 51..52
SYM 'i64' 53..56
DEDENT '' 56..58
FN 'fn' 58..60
SYM 'Rectangle' 61..70
DOT '.' 70..71
SYM 'area' 71..75
SYM 'self' 76..80
EQ '=' 81..82
INDENT '' 82..84
SYM 'self' 84..88
DOT '.' 88..89
SYM 'width' 89..94
MUL '*' 95..96
SYM 'self' 97..101
DOT '.' 101..102
SYM 'height' 102..108
DEDENT '' 108..110
SYM 'my_rect' 110..117
EQ '=' 118..119
SYM 'Rectangle' 120..129
INT '5' 130..131
INT '5' 132..133
EOL '' 133..134
SYM 'printf' 134..140
STR '%d\n' 141..147
LPAR '(' 148..149
SYM 'my_rect' 149..156
DOT '.' 156..157
SYM 'area' 157..161
RPAR ')' 161..162
EOL '' 162..163
