FN 'fn' 13..15
SYM 'main' 16..20
SYM 'args' 21..25
EQ '=' 26..27
INDENT '' 27..29
SYM 'my_int' 29..35
EQ '=' 36..37
INT '5' 38..39
EOL '' 39..41
SYM 'my_float' 41..49
EQ '=' 50..51
FLT '10.0' 52..56
EOL '' 56..58
SYM 'my_int' 58..64
AS 'as' 65..67
SYM 'f64' 68..71
ADD '+' 72..73
SYM 'my_float' 74..82
PIPE '|>' 83..85
SYM 'print' 86..91
DEDENT '' 91..92
