SYM 'my_int' 12..18
EQ '=' 19..20
INT '5' 21..22
EOL '' 22..23
SYM 'my_float' 23..31
COLN ':' 31..32
SYM 'f64' 33..36
EQ '=' 37..38
INT '10' 39..41
EOL '' 41..42
SYM 'my_str' 42..48
COLN ':' 48..49
LBRC '[' 50..51
SYM 'u8' 51..53
RBRC ']' 53..54
EQ '=' 55..56
STR 'Hello' 57..64
EOL '' 64..65
SYM 'my_obj' 65..71
COLN ':' 71..72
SYM 'SomeModules' 73..84
DOT '.' 84..85
SYM 'Object' 85..91
EQ '=' 92..93
SYM 'SomeModules' 94..105
DOT '.' 105..106
SYM 'Object' 106..112
SYM 'SomeProp' 113..121
EOL '' 121..122
SYM 'my_arr' 122..128
COLN ':' 128..129
SYM 'i64' 130..133
LBRC '[' 133..134
INT '10' 134..136
RBRC ']' 136..137
EOL '' 137..138
