-1 MODULE '' 0..0
	-1 EOL '' 13..14
	-1 TYPE 'type' 14..18
		-1 SYM 'Rectangle' 19..28
		-1 EQ '=' 29..30
		-1 STMTS '' 0..0
			-1 COLN ':' 37..38
				-1 SYM 'width' 32..37
				-1 SYM 'i64' 40..43
			-1 EOL '' 43..45
			-1 COLN ':' 51..52
				-1 SYM 'height' 45..51
				-1 SYM 'i64' 53..56
	-1 FN 'fn' 58..60
		-1 DOT '.' 70..71
			-1 SYM 'Rectangle' 61..70
			-1 SYM 'area' 71..75
		-1 ARGS '' 0..0
			-1 SYM 'self' 76..80
		-1 EQ '=' 81..82
		-1 STMTS '' 0..0
			-1 MUL '*' 95..96
				-1 CALL '' 88..89
					-1 DOT '.' 88..89
						-1 SYM 'self' 84..88
						-1 SYM 'width' 89..94
					-1 ARGS '' 0..0
				-1 CALL '' 101..102
					-1 DOT '.' 101..102
						-1 SYM 'self' 97..101
						-1 SYM 'height' 102..108
					-1 ARGS '' 0..0
	-1 EQ '=' 118..119
		-1 SYM 'my_rect' 110..117
		-1 CALL '' 120..129
			-1 SYM 'Rectangle' 120..129
			-1 ARGS '' 0..0
				-1 INT '5' 130..131
				-1 INT '5' 132..133
	-1 EOL '' 133..134
	-1 CALL '' 134..140
		-1 SYM 'printf' 134..140
		-1 ARGS '' 0..0
			-1 STR '%d\n' 141..147
			-1 EXPR '' 0..0
				-1 LPAR '(' 148..149
				-1 CALL '' 156..157
					-1 DOT '.' 156..157
						-1 SYM 'my_rect' 149..156
						-1 SYM 'area' 157..161
					-1 ARGS '' 0..0
				-1 RPAR ')' 161..162
	-1 EOL '' 162..163
