MODULE '' 0..0
	FN 'fn' 12..14
		SYM 'doSomethingWith' 15..30
		ARGS '' 0..0
			SYM 'x' 31..32
			SYM 'y' 33..34
		INDENT '' 0..0
			EQ '=' 40..41
				SYM 'z' 38..39
				MUL '*' 44..45
					CALL '' 42..43
						SYM 'x' 42..43
						ARGS '' 0..0
					CALL '' 46..47
						SYM 'y' 46..47
						ARGS '' 0..0
			EOL '' 47..49
			ADD '+' 55..56
				DIV '/' 51..52
					CALL '' 49..50
						SYM 'z' 49..50
						ARGS '' 0..0
					CALL '' 53..54
						SYM 'x' 53..54
						ARGS '' 0..0
				CALL '' 57..58
					SYM 'y' 57..58
					ARGS '' 0..0
