SYM 'my_int' 12..18
EQ '=' 19..20
INT '5' 21..22
EOL '' 22..23
SYM 'my_float' 23..31
COLN ':' 31..32
SYM 'f64' 33..36
EQ '=' 37..38
INT '10' 39..41
EOL '' 41..42
SYM 'my_str' 42..48
COLN ':' 48..49
LBRC '[' 50..51
SYM 'u8' 51..53
RBRC ']' 53..54
EQ '=' 55..56
STR 'Hello' 57..64
EOL '' 64..65
SYM 'my_obj' 65..71
COLN ':' 71..72
SYM 'SomeModules' 73..84
DOT '.' 84..85
SYM 'Object' 85..91
EQ '=' 92..93
SYM 'SomeModules' 94..105
DOT '.' 105..106
SYM 'Object' 106..112
SYM 'SomeProp' 113..121
EOL '' 121..122
SYM 'my_arr' 122..128
COLN ':' 128..129
SYM 'i64' 130..133
LBRC '[' 133..134
INT '10' 134..136
RBRC ']' 136..137
EQ '=' 138..139
LCRL '{' 140..141
INT '0' 141..142
COMA ',' 142..143
INT '0' 144..145
COMA ',' 145..146
INT '0' 147..148
COMA ',' 148..149
INT '0' 150..151
COMA ',' 151..152
INT '0' 153..154
RCRL '}' 154..155
EOL '' 155..156
SYM 'my_2d_arr' 156..165
COLN ':' 165..166
SYM 'i64' 167..170
LBRC '[' 170..171
INT '10' 171..173
RBRC ']' 173..174
LBRC '[' 174..175
INT '10' 175..177
RBRC ']' 177..178
EQ '=' 179..180
LCRL '{' 181..182
LCRL '{' 182..183
INT '0' 183..184
COMA ',' 184..185
INT '0' 186..187
RCRL '}' 187..188
COMA ',' 188..189
LCRL '{' 190..191
INT '0' 191..192
COMA ',' 192..193
INT '0' 194..195
RCRL '}' 195..196
COMA ',' 196..197
LCRL '{' 198..199
INT '0' 199..200
COMA ',' 200..201
INT '0' 202..203
RCRL '}' 203..204
RCRL '}' 204..205
EOL '' 205..206
