MODULE '' 0..0
	FN 'fn' 12..14
		SYM 'main' 15..19
		ARGS '' 0..0
			SYM 'args' 20..24
		INDENT '' 0..0
			EQ '=' 35..36
				SYM 'my_int' 28..34
				INT '5' 37..38
			EOL '' 38..40
			EQ '=' 54..55
				COLN ':' 48..49
					SYM 'my_float' 40..48
					SYM 'f64' 50..53
				INT '10' 56..58
			EOL '' 58..60
			EQ '=' 68..69
				SYM 'my_str' 60..66
				STR 'Hello' 70..77
			EOL '' 77..79
			EQ '=' 109..110
				COLN ':' 85..86
					SYM 'my_obj' 79..85
					DOT '.' 97..98
						SYM 'SomeModule' 87..97
						SYM 'SomeObject' 98..108
				CALL '' 121..122
					DOT '.' 121..122
						SYM 'SomeModule' 111..121
						SYM 'SomeObject' 122..132
					ARGS '' 0..0
						SYM 'args' 133..137
			EOL '' 137..139
			EQ '=' 153..154
				COLN ':' 145..146
					SYM 'my_arr' 139..145
					ARR '' 147..148
						SYM 'i64' 148..151
				ARR '' 0..0
					INT '0' 156..157
					INT '0' 159..160
					INT '0' 162..163
					INT '0' 165..166
					INT '0' 168..169
			EOL '' 170..172
			EQ '=' 182..183
				SYM 'my_2d_arr' 172..181
				ARR '' 0..0
					ARR '' 0..0
						INT '0' 186..187
						INT '0' 189..190
					ARR '' 0..0
						INT '0' 194..195
						INT '0' 197..198
					ARR '' 0..0
						INT '0' 202..203
						INT '0' 205..206
