-1 MODULE '' 0..0
	-1 EQ '=' 18..19
		-1 SYM 'my_str' 11..17
		-1 STR 'Hello World!' 20..34
	-1 EOL '' 34..35
	-1 CALL '' 35..42
		-1 SYM 'putchar' 35..42
		-1 ARGS '' 0..0
			-1 PTR_ACCESS '' 0..0
				-1 LBRC '[' 43..44
				-1 CALL '' 44..50
					-1 SYM 'my_str' 44..50
					-1 ARGS '' 0..0
				-1 RBRC ']' 50..51
	-1 EOL '' 51..52
